// Vitest Snapshot v1, https://vitest.dev/guide/snapshot.html

exports[`design tokens (L2 snapshot) > matches the token snapshot for dark and light themes 1`] = `
{
  "dark": [
    "--bg-base: #0f1115",
    "--bg-elevated: #161a22",
    "--bg-sunken: #0a0c10",
    "--fg-primary: #e8eaf0",
    "--fg-secondary: #9aa3b2",
    "--fg-faint: #788296",
    "--accent: #7c8cff",
    "--accent-soft: color-mix(in srgb, var(--accent) 16%, transparent)",
    "--success: #34d399",
    "--warning: #fbbf24",
    "--danger: #f87171",
    "--ai-label-bg: color-mix(in srgb, var(--accent) 12%, transparent)",
    "--ai-label-text: var(--accent)",
    "--glass-bg: rgba(22, 26, 34, 0.62)",
    "--glass-border: rgba(255, 255, 255, 0.09)",
    "--glass-blur: 24px",
    "--text-xs: 0.6875rem",
    "--text-sm: 0.8125rem",
    "--text-md: 0.875rem",
    "--text-lg: 1.0625rem",
    "--r-sm: 6px",
    "--r-md: 10px",
    "--r-lg: 16px",
    "--r-xl: 22px",
    "--ease-spring: cubic-bezier(0.32, 0.72, 0.24, 1)",
    "--ease-emphasized: cubic-bezier(0.2, 0, 0, 1)",
    "--dur-fast: 120ms",
    "--dur-med: 220ms",
    "--density: 1",
    "--ui-scale: 1.1",
    "--font-ui: system-ui, -apple-system, "SF Pro Text", "Segoe UI Variable", "Segoe UI", Inter, Roboto,
    "Helvetica Neue", Arial, sans-serif",
    "--font-code: "JetBrains Mono", "SF Mono", SFMono-Regular, ui-monospace, Menlo, Consolas, monospace",
  ],
  "light": [
    "--bg-base: #ffffff",
    "--bg-elevated: #f1f2f4",
    "--bg-sunken: #e4e6ea",
    "--fg-primary: #191e29",
    "--fg-secondary: #586071",
    "--fg-faint: #646d7e",
    "--accent: #3d4fd8",
    "--accent-soft: color-mix(in srgb, var(--accent) 14%, transparent)",
    "--success: #047857",
    "--warning: #b45309",
    "--danger: #dc2626",
    "--ai-label-bg: color-mix(in srgb, var(--accent) 10%, transparent)",
    "--ai-label-text: var(--accent)",
    "--glass-bg: rgba(255, 255, 255, 0.62)",
    "--glass-border: rgba(15, 17, 21, 0.1)",
    "--glass-blur: 24px",
  ],
}
`;
