// Vitest Snapshot v1, https://vitest.dev/guide/snapshot.html

exports[`MessageList > matches the fixture history snapshot 1`] = `
<div>
  <div
    class="flex min-h-0 min-w-0 flex-1 flex-col"
    data-testid="message-list"
  >
    <div
      aria-atomic="false"
      aria-live="polite"
      class="min-h-0 flex-1 overflow-y-auto"
      data-testid="message-list-scroll"
      role="log"
    >
      <div
        class="relative"
        style="height: 384px;"
      >
        <div
          class="absolute left-0 right-0 px-4 pb-4 pt-4"
          data-reverted="false"
          data-virtual-row="0"
          style="top: 0px;"
        >
          <div
            class="mx-auto w-full max-w-[58rem]"
            data-testid="chat-reading-column"
          >
            <div
              aria-haspopup="menu"
              class="group relative flex flex-col gap-1 outline-none items-end"
              data-role="user"
              data-testid="message-msg_m1"
              tabindex="0"
            >
              <div
                class="max-w-[78%] rounded-2xl rounded-br-md bg-accent-soft px-3.5 py-2"
              >
                <div
                  data-testid="text-part"
                >
                  <div
                    class="markdown-body text-sm leading-relaxed"
                    data-testid="markdown-text"
                  >
                    <p>
                      Add a login flow with password-based auth.
                    </p>
                  </div>
                </div>
              </div>
              <span
                class="px-1 text-xs text-fg-faint"
                data-testid="message-time"
              >
                10:26
              </span>
              <button
                aria-label="Message actions"
                class="invisible absolute right-1 top-1 z-10 rounded-md px-1.5 text-sm leading-none text-fg-secondary opacity-0 transition-opacity outline-none group-hover:visible group-hover:opacity-100 group-focus-within:visible group-focus-within:opacity-100 hover:bg-accent-soft hover:text-fg-primary focus:bg-accent-soft"
                data-testid="message-actions"
                type="button"
              >
                ⋯
              </button>
            </div>
          </div>
        </div>
        <div
          class="absolute left-0 right-0 px-4 pb-4"
          data-reverted="false"
          data-virtual-row="1"
          style="top: 96px;"
        >
          <div
            class="mx-auto w-full max-w-[58rem]"
            data-testid="chat-reading-column"
          >
            <div
              aria-haspopup="menu"
              class="group relative flex flex-col gap-1 outline-none items-start"
              data-role="assistant"
              data-testid="message-msg_m2"
              tabindex="0"
            >
              <div
                class="w-full max-w-none"
              >
                <div
                  class="reply-activity my-3"
                  data-active="false"
                  data-status="complete"
                  data-testid="process-fold"
                >
                  <button
                    aria-expanded="true"
                    class="reply-activity-header flex min-h-8 w-full items-center gap-1.5 border-b border-bg-sunken py-1 text-left text-sm outline-none focus:bg-accent-soft disabled:cursor-default"
                    data-testid="process-fold-toggle"
                    type="button"
                  >
                    <span
                      aria-hidden="true"
                      class="inline-block w-3 shrink-0 text-fg-faint"
                    >
                      <span
                        class="inline-block transition-transform rotate-90"
                      >
                        ▸
                      </span>
                    </span>
                    <span
                      class="min-w-0 truncate text-fg-secondary"
                      data-testid="process-fold-status"
                    >
                      Took 15s
                    </span>
                  </button>
                  <div
                    aria-hidden="false"
                    class="reply-activity-body"
                    data-expanded="true"
                    data-testid="process-fold-body"
                  >
                    <div
                      class="reply-activity-items space-y-3 pt-3"
                    >
                      <div
                        class="reply-activity-entry min-w-0 "
                        data-kind="command"
                        data-status="complete"
                        data-testid="activity-entry"
                      >
                        <div
                          class="reply-tool my-1 min-w-0"
                          data-status="completed"
                          data-testid="tool-part"
                        >
                          <button
                            aria-controls="cl-46"
                            aria-expanded="true"
                            class="flex min-w-0 w-full items-center gap-1.5 rounded-sm py-1 text-left text-sm outline-none hover:bg-bg-sunken/50 focus:bg-accent-soft"
                            data-testid="tool-toggle"
                            type="button"
                          >
                            <span
                              aria-hidden=""
                              class="mt-px inline-block shrink-0 text-fg-faint transition-transform rotate-90"
                            >
                              ▸
                            </span>
                            <span
                              aria-hidden="true"
                              class="inline-flex h-4 w-4 shrink-0 items-center justify-center text-fg-faint"
                              data-icon-kind="terminal"
                            >
                              <svg
                                class="h-3.5 w-3.5"
                                fill="none"
                                focusable="false"
                                stroke="currentColor"
                                stroke-linecap="round"
                                stroke-linejoin="round"
                                stroke-width="1.5"
                                viewBox="0 0 16 16"
                              >
                                <rect
                                  height="10"
                                  rx="1.5"
                                  width="12"
                                  x="2"
                                  y="3"
                                />
                                <path
                                  d="m4.5 6 2 2-2 2"
                                />
                                <path
                                  d="M8.5 10.5h3"
                                />
                              </svg>
                            </span>
                            <span
                              class="min-w-0 flex-1 font-code text-fg-secondary whitespace-pre-wrap break-words"
                              data-testid="tool-summary"
                            >
                              Ran command
                            </span>
                            <span
                              class="shrink-0 font-code text-xs text-fg-faint"
                              data-testid="tool-duration"
                            >
                              3s
                            </span>
                            <span
                              class="sr-only"
                              data-testid="tool-status-label"
                            >
                              bash completed
                            </span>
                          </button>
                          <div
                            class="reply-tool-detail mt-1 space-y-2"
                            data-testid="tool-detail"
                            id="cl-46"
                          >
                            <div
                              class="overflow-hidden rounded-sm bg-bg-sunken font-code text-xs"
                              data-testid="tool-terminal"
                            >
                              <div
                                class="flex items-center justify-between gap-2 border-b border-bg-base/40 px-2 py-1"
                              >
                                <span
                                  class="truncate text-fg-faint"
                                >
                                  Terminal
                                </span>
                                <button
                                  class="shrink-0 rounded-sm px-1.5 py-0.5 text-[10px] text-fg-faint outline-none hover:bg-accent-soft hover:text-fg-primary focus:bg-accent-soft"
                                  data-testid="tool-copy"
                                  type="button"
                                >
                                  Copy
                                </button>
                              </div>
                              <div
                                class="space-y-1 px-2 py-1.5"
                              >
                                <div
                                  class="text-fg-primary"
                                >
                                  <span
                                    class="select-none text-success"
                                  >
                                    $ 
                                  </span>
                                  ls src
                                </div>
                                <pre
                                  class="max-h-80 overflow-y-auto whitespace-pre-wrap break-words text-fg-secondary"
                                >
                                  auth/
components/
services/

                                </pre>
                              </div>
                            </div>
                          </div>
                        </div>
                      </div>
                      <div
                        class="reply-activity-entry min-w-0"
                        data-testid="thought-details"
                      >
                        <button
                          aria-controls="cl-45"
                          aria-expanded="false"
                          class="flex w-full min-w-0 items-center gap-1.5 py-0.5 text-left text-xs text-fg-faint outline-none focus:bg-accent-soft"
                          data-testid="thought-details-toggle"
                          type="button"
                        >
                          <span
                            aria-hidden="true"
                            class="inline-flex h-4 w-4 shrink-0 items-center justify-center "
                            data-icon-kind="reasoning"
                          >
                            <svg
                              class="h-3.5 w-3.5"
                              fill="none"
                              focusable="false"
                              stroke="currentColor"
                              stroke-linecap="round"
                              stroke-linejoin="round"
                              stroke-width="1.5"
                              viewBox="0 0 16 16"
                            >
                              <path
                                d="M4.5 3.5h7A2 2 0 0 1 13.5 5.5v3a2 2 0 0 1-2 2H8l-2.8 2.3V10.5h-.7a2 2 0 0 1-2-2v-3a2 2 0 0 1 2-2Z"
                              />
                            </svg>
                          </span>
                          <span
                            aria-hidden="true"
                            class="inline-block shrink-0 transition-transform "
                          >
                            ▸
                          </span>
                          <span
                            class="truncate"
                          >
                            View thought details
                          </span>
                        </button>
                      </div>
                      <div
                        class="flex min-w-0 items-center"
                      />
                    </div>
                  </div>
                </div>
                <div
                  data-testid="text-part"
                >
                  <div
                    class="markdown-body text-sm leading-relaxed"
                    data-testid="markdown-text"
                  >
                    <p>
                      Let me check the existing project structure first.
                    </p>
                  </div>
                </div>
              </div>
              <span
                class="px-1 text-xs text-fg-faint"
                data-testid="message-time"
              >
                10:26
              </span>
              <button
                aria-label="Message actions"
                class="invisible absolute right-1 top-1 z-10 rounded-md px-1.5 text-sm leading-none text-fg-secondary opacity-0 transition-opacity outline-none group-hover:visible group-hover:opacity-100 group-focus-within:visible group-focus-within:opacity-100 hover:bg-accent-soft hover:text-fg-primary focus:bg-accent-soft"
                data-testid="message-actions"
                type="button"
              >
                ⋯
              </button>
            </div>
          </div>
        </div>
        <div
          class="absolute left-0 right-0 px-4 pb-4"
          data-reverted="false"
          data-virtual-row="2"
          style="top: 192px;"
        >
          <div
            class="mx-auto w-full max-w-[58rem]"
            data-testid="chat-reading-column"
          >
            <div
              aria-haspopup="menu"
              class="group relative flex flex-col gap-1 outline-none items-end"
              data-role="user"
              data-testid="message-msg_m3"
              tabindex="0"
            >
              <div
                class="max-w-[78%] rounded-2xl rounded-br-md bg-accent-soft px-3.5 py-2"
              >
                <div
                  data-testid="text-part"
                >
                  <div
                    class="markdown-body text-sm leading-relaxed"
                    data-testid="markdown-text"
                  >
                    <p>
                      Also add a logout button to the sidebar.
                    </p>
                  </div>
                </div>
              </div>
              <span
                class="px-1 text-xs text-fg-faint"
                data-testid="message-time"
              >
                10:26
              </span>
              <button
                aria-label="Message actions"
                class="invisible absolute right-1 top-1 z-10 rounded-md px-1.5 text-sm leading-none text-fg-secondary opacity-0 transition-opacity outline-none group-hover:visible group-hover:opacity-100 group-focus-within:visible group-focus-within:opacity-100 hover:bg-accent-soft hover:text-fg-primary focus:bg-accent-soft"
                data-testid="message-actions"
                type="button"
              >
                ⋯
              </button>
            </div>
          </div>
        </div>
        <div
          class="absolute left-0 right-0 px-4 pb-4"
          data-reverted="false"
          data-virtual-row="3"
          style="top: 288px;"
        >
          <div
            class="mx-auto w-full max-w-[58rem]"
            data-testid="chat-reading-column"
          >
            <div
              aria-haspopup="menu"
              class="group relative flex flex-col gap-1 outline-none items-start"
              data-role="assistant"
              data-testid="message-msg_m4"
              tabindex="0"
            >
              <div
                class="w-full max-w-none"
              >
                <div
                  data-testid="text-part"
                >
                  <div
                    class="markdown-body text-sm leading-relaxed"
                    data-testid="markdown-text"
                  >
                    <p>
                      Done. The sidebar now shows a logout button in the account section.
                    </p>
                  </div>
                </div>
              </div>
              <span
                class="px-1 text-xs text-fg-faint"
                data-testid="message-time"
              >
                10:26
              </span>
              <button
                aria-label="Message actions"
                class="invisible absolute right-1 top-1 z-10 rounded-md px-1.5 text-sm leading-none text-fg-secondary opacity-0 transition-opacity outline-none group-hover:visible group-hover:opacity-100 group-focus-within:visible group-focus-within:opacity-100 hover:bg-accent-soft hover:text-fg-primary focus:bg-accent-soft"
                data-testid="message-actions"
                type="button"
              >
                ⋯
              </button>
            </div>
          </div>
        </div>
      </div>
    </div>
    <div
      aria-atomic="true"
      aria-live="polite"
      class="sr-only"
    />
  </div>
</div>
`;
