// Vitest Snapshot v1, https://vitest.dev/guide/snapshot.html

exports[`FilePart snapshot > matches the fixture's file part (no inline content) 1`] = `
<div>
  <div
    class="my-1 overflow-hidden rounded-md bg-bg-sunken/50"
    data-mime-kind="image"
    data-testid="file-part"
  >
    <button
      aria-expanded="false"
      class="flex w-full items-center gap-2 px-2 py-1.5 text-left text-xs outline-none focus:bg-accent-soft disabled:cursor-default"
      disabled=""
      type="button"
    >
      <span
        aria-hidden="true"
        class="inline-flex h-4 w-4 shrink-0 items-center justify-center text-fg-faint"
        data-icon-kind="image"
      >
        <svg
          class="h-3.5 w-3.5"
          fill="none"
          focusable="false"
          stroke="currentColor"
          stroke-linecap="round"
          stroke-linejoin="round"
          stroke-width="1.5"
          viewBox="0 0 16 16"
        >
          <rect
            height="7"
            rx="1.2"
            width="9"
            x="4.5"
            y="2.5"
          />
          <path
            d="M2.5 5.5v5.7A2.3 2.3 0 0 0 4.8 13.5h6.9"
          />
          <circle
            cx="7.2"
            cy="5"
            r=".9"
          />
          <path
            d="m5.5 9.5 2.2-2 2 1.7 1.6-1.5 1.7 1.8"
          />
        </svg>
      </span>
      <span
        class="min-w-0 flex-1 truncate font-code font-medium text-fg-primary"
      >
        login-flow.png
      </span>
      <span
        aria-label="image/png"
        class="shrink-0 rounded-sm bg-bg-elevated px-1 py-0.5 font-code text-[10px] text-fg-faint"
      >
        png
      </span>
      <span
        class="shrink-0 text-fg-faint"
        data-testid="file-unavailable"
      >
        Content unavailable
      </span>
    </button>
    
  </div>
</div>
`;
