// Vitest Snapshot v1, https://vitest.dev/guide/snapshot.html

exports[`FilePart snapshot > matches the fixture's file part (no inline content) 1`] = `
<div>
  <div
    class="my-1 overflow-hidden rounded-md bg-bg-sunken/50"
    data-mime-kind="image"
    data-testid="file-part"
  >
    <button
      aria-expanded="false"
      class="flex w-full items-center gap-2 px-2 py-1.5 text-left text-xs outline-none focus:bg-accent-soft disabled:cursor-default"
      disabled=""
      type="button"
    >
      <svg
        aria-hidden=""
        class="h-3.5 w-3.5 shrink-0 text-fg-faint"
        fill="none"
        stroke="currentColor"
        stroke-linecap="round"
        stroke-linejoin="round"
        stroke-width="1.5"
        viewBox="0 0 16 16"
      >
        <rect
          height="10"
          rx="1.5"
          width="11"
          x="2.5"
          y="3"
        />
        <circle
          cx="6"
          cy="6.5"
          r="1"
        />
        <path
          d="m3.5 11.5 3-2.5 2.5 2 2.5-2.5 1 1.5"
        />
      </svg>
      <span
        class="min-w-0 flex-1 truncate font-code font-medium text-fg-primary"
      >
        login-flow.png
      </span>
      <span
        aria-label="image/png"
        class="shrink-0 rounded-sm bg-bg-elevated px-1 py-0.5 font-code text-[10px] text-fg-faint"
      >
        png
      </span>
      <span
        class="shrink-0 text-fg-faint"
        data-testid="file-unavailable"
      >
        Content unavailable
      </span>
    </button>
    
  </div>
</div>
`;
