// Vitest Snapshot v1, https://vitest.dev/guide/snapshot.html

exports[`PatchPart snapshot > matches the fixture's patch part 1`] = `
<div>
  <div
    class="my-1 overflow-hidden rounded-md border border-bg-sunken bg-bg-sunken/60"
    data-testid="patch-part"
  >
    <div
      class="flex items-center gap-2 px-2 py-1.5 text-xs"
    >
      <svg
        aria-hidden=""
        class="h-3.5 w-3.5 shrink-0 text-fg-faint"
        fill="none"
        stroke="currentColor"
        stroke-linecap="round"
        stroke-linejoin="round"
        stroke-width="1.5"
        viewBox="0 0 16 16"
      >
        <path
          d="M5 3v10M3.5 4.5 5 3l1.5 1.5M11 3v10M12.5 11.5 11 13l-1.5-1.5"
        />
      </svg>
      <span
        class="font-code font-medium text-fg-primary"
      >
        Patch
      </span>
      <span
        class="rounded-sm bg-bg-elevated px-1 py-0.5 font-code text-[10px] text-fg-faint"
        data-testid="patch-hash"
      >
        a1b2c3d
      </span>
      <span
        class="ml-auto shrink-0 text-fg-faint"
        data-testid="patch-count"
      >
        2 files
      </span>
    </div>
    <ul
      class="border-t border-bg-sunken"
    >
      <li>
        <button
          class="flex w-full items-center gap-2 px-2 py-1 text-left text-xs text-fg-secondary outline-none hover:bg-accent-soft hover:text-fg-primary focus:bg-accent-soft"
          data-testid="patch-file"
          type="button"
        >
          <svg
            aria-hidden=""
            class="h-3 w-3 shrink-0 text-fg-faint"
            fill="none"
            stroke="currentColor"
            stroke-linecap="round"
            stroke-linejoin="round"
            stroke-width="1.5"
            viewBox="0 0 16 16"
          >
            <path
              d="M3 5.5 8 2.8l5 2.7v5l-5 2.7-5-2.7Z"
            />
            <path
              d="M3 5.5l5 2.7 5-2.7M8 8.2v5"
            />
          </svg>
          <span
            class="truncate font-code"
          >
            src/auth/login.ts
          </span>
          <span
            aria-hidden=""
            class="ml-auto shrink-0 text-fg-faint"
          >
            ▸
          </span>
        </button>
      </li>
      <li>
        <button
          class="flex w-full items-center gap-2 px-2 py-1 text-left text-xs text-fg-secondary outline-none hover:bg-accent-soft hover:text-fg-primary focus:bg-accent-soft"
          data-testid="patch-file"
          type="button"
        >
          <svg
            aria-hidden=""
            class="h-3 w-3 shrink-0 text-fg-faint"
            fill="none"
            stroke="currentColor"
            stroke-linecap="round"
            stroke-linejoin="round"
            stroke-width="1.5"
            viewBox="0 0 16 16"
          >
            <path
              d="M3 5.5 8 2.8l5 2.7v5l-5 2.7-5-2.7Z"
            />
            <path
              d="M3 5.5l5 2.7 5-2.7M8 8.2v5"
            />
          </svg>
          <span
            class="truncate font-code"
          >
            src/auth/session.ts
          </span>
          <span
            aria-hidden=""
            class="ml-auto shrink-0 text-fg-faint"
          >
            ▸
          </span>
        </button>
      </li>
    </ul>
  </div>
</div>
`;
