// Vitest Snapshot v1, https://vitest.dev/guide/snapshot.html

exports[`Step parts snapshots > matches the fixture's step-finish part 1`] = `
<div>
  <div
    class="my-1 flex flex-wrap items-center gap-x-3 gap-y-0.5 rounded-md border border-bg-sunken bg-bg-sunken/40 px-2 py-1 text-xs text-fg-secondary"
    data-testid="step-finish-part"
  >
    <span
      class="font-medium text-fg-primary"
    >
      Step complete
    </span>
    <span
      class="text-fg-faint"
      data-testid="step-finish-reason"
    >
      Completed
    </span>
    <span
      data-testid="step-finish-tokens"
    >
      1.8k
       
      tokens
    </span>
    <span
      class="ml-auto shrink-0 font-code"
      data-testid="step-finish-cost"
    >
      $0.42
    </span>
  </div>
</div>
`;

exports[`Step parts snapshots > matches the fixture's step-start part 1`] = `
<div>
  <div
    class="my-2 flex items-center gap-2 text-[10px] font-medium uppercase tracking-wider text-fg-faint"
    data-testid="step-start-part"
  >
    <span
      class="shrink-0"
    >
      Step
    </span>
    <span
      aria-hidden=""
      class="h-px flex-1 rounded-full bg-bg-sunken"
    />
    
  </div>
</div>
`;
